// Vitest Snapshot v1, https://vitest.dev/guide/snapshot.html

exports[`HomeComponent > should match snapshot 1`] = `
<div
  _nghost-a-c218821254=""
  id="root1"
  ng-version="21.1.1"
>
  <main
    _ngcontent-a-c218821254=""
    class="home"
  >
    <app-card
      _ngcontent-a-c218821254=""
      _nghost-a-c3614418209=""
    >
      <div
        _ngcontent-a-c3614418209=""
        class="card"
      >
        <div
          _ngcontent-a-c3614418209=""
          class="card-header"
        >
          <span
            _ngcontent-a-c3614418209=""
            class="card-header-title"
          >
            Dólar Canadense
          </span>
        </div>
        <!--container-->
        <!--container-->
        <div
          _ngcontent-a-c3614418209=""
          class="card-body"
        >
          <span
            _ngcontent-a-c3614418209=""
            aria-label="Valor médio: 3.85"
            class="card-body-content text-green"
          >
             R$3.85 
          </span>
        </div>
        <div
          _ngcontent-a-c3614418209=""
          class="card-footer"
        >
          <div
            _ngcontent-a-c3614418209=""
            class="card-footer-variation"
          >
            <span
              _ngcontent-a-c3614418209=""
              class="card-footer-variation-label"
            >
              Variação (%)
            </span>
            <span
              _ngcontent-a-c3614418209=""
              class="card-footer-variation-value"
            >
              1.2
            </span>
          </div>
          <div
            _ngcontent-a-c3614418209=""
            class="card-footer-updated"
          >
            <span
              _ngcontent-a-c3614418209=""
              class="card-footer-updated-label"
            >
              Atualizado
            </span>
            <span
              _ngcontent-a-c3614418209=""
              class="card-footer-updated-value"
            >
              10:30:00
            </span>
          </div>
        </div>
        <!--container-->
      </div>
    </app-card>
    <app-card
      _ngcontent-a-c218821254=""
      _nghost-a-c3614418209=""
    >
      <div
        _ngcontent-a-c3614418209=""
        class="card"
      >
        <div
          _ngcontent-a-c3614418209=""
          class="card-header"
        >
          <span
            _ngcontent-a-c3614418209=""
            class="card-header-title"
          >
            Peso Argentino
          </span>
        </div>
        <!--container-->
        <!--container-->
        <div
          _ngcontent-a-c3614418209=""
          class="card-body"
        >
          <span
            _ngcontent-a-c3614418209=""
            aria-label="Valor baixo: 0.05"
            class="card-body-content text-red"
          >
             R$0.05 
          </span>
        </div>
        <div
          _ngcontent-a-c3614418209=""
          class="card-footer"
        >
          <div
            _ngcontent-a-c3614418209=""
            class="card-footer-variation"
          >
            <span
              _ngcontent-a-c3614418209=""
              class="card-footer-variation-label"
            >
              Variação (%)
            </span>
            <span
              _ngcontent-a-c3614418209=""
              class="card-footer-variation-value"
            >
              -0.5
            </span>
          </div>
          <div
            _ngcontent-a-c3614418209=""
            class="card-footer-updated"
          >
            <span
              _ngcontent-a-c3614418209=""
              class="card-footer-updated-label"
            >
              Atualizado
            </span>
            <span
              _ngcontent-a-c3614418209=""
              class="card-footer-updated-value"
            >
              10:30:00
            </span>
          </div>
        </div>
        <!--container-->
      </div>
    </app-card>
    <app-card
      _ngcontent-a-c218821254=""
      _nghost-a-c3614418209=""
    >
      <div
        _ngcontent-a-c3614418209=""
        class="card"
      >
        <div
          _ngcontent-a-c3614418209=""
          class="card-header"
        >
          <span
            _ngcontent-a-c3614418209=""
            class="card-header-title"
          >
            Libra Esterlina
          </span>
        </div>
        <!--container-->
        <!--container-->
        <div
          _ngcontent-a-c3614418209=""
          class="card-body"
        >
          <span
            _ngcontent-a-c3614418209=""
            aria-label="Valor alto: 6.25"
            class="card-body-content text-blue"
          >
             R$6.25 
          </span>
        </div>
        <div
          _ngcontent-a-c3614418209=""
          class="card-footer"
        >
          <div
            _ngcontent-a-c3614418209=""
            class="card-footer-variation"
          >
            <span
              _ngcontent-a-c3614418209=""
              class="card-footer-variation-label"
            >
              Variação (%)
            </span>
            <span
              _ngcontent-a-c3614418209=""
              class="card-footer-variation-value"
            >
              0.8
            </span>
          </div>
          <div
            _ngcontent-a-c3614418209=""
            class="card-footer-updated"
          >
            <span
              _ngcontent-a-c3614418209=""
              class="card-footer-updated-label"
            >
              Atualizado
            </span>
            <span
              _ngcontent-a-c3614418209=""
              class="card-footer-updated-value"
            >
              10:30:00
            </span>
          </div>
        </div>
        <!--container-->
      </div>
    </app-card>
    <!--container-->
  </main>
</div>
`;
